Move cursorMove cursorMove cursorMove cursorMove cursorMove cursorMove cursorMove cursorMove cursorMove cursorMove cursorMove cursorMove cursorMove cursorMove cursorMove cursorMove cursorMove cursorMove cursorMove cursorMove cursorMove cursorMove cursorMove cursorMove cursorMove cursorMove cursorMove cursorMove cursorMove cursorMove cursorMove cursorMove cursorMove cursorMove cursorMove cursorMove cursorMove cursorMove cursorMove cursorMove cursorMove cursorMove cursorMove cursorMove cursorMove cursorMove cursorMove cursorMove cursorMove cursorMove cursorMove cursorMove cursorMove cursorMove cursorMove cursorMove cursorMove cursorMove cursorMove cursorMove cursorMove cursorMove cursorMove cursorMove cursorMove cursorMove cursorMove cursorMove cursorMove cursorMove cursorMove cursorMove cursorMove cursorMove cursor
Move cursor
Move cursor
Move cursor
Move cursor
Move cursor
Move cursor
Move cursor
Move cursor
Move cursor
Move cursor
Move cursor
Move cursor
Move cursor
Move cursor
Move cursor
Move cursor
Move cursor
Move cursor
Move cursor
Move cursor
Move cursor
Move cursor
Move cursor
Move cursor
Move cursor
Move cursor
Move cursor
Move cursor
Move cursor
Move cursor
Move cursor
Move cursor
Move cursor
Move cursor
Move cursor
Move cursor
Move cursor
Move cursor
Move cursor
Move cursor
Move cursor
Move cursor
Move cursor
Move cursor
Move cursor
Move cursor
Move cursor
Move cursor
Move cursor
Move cursor
Move cursor
Move cursor
Move cursor
Move cursor
Move cursor
Move cursor
Move cursor
Move cursor
Move cursor
Move cursor
Move cursor
Move cursor
Move cursor
Move cursor
Move cursor
Move cursor
Move cursor
Move cursor
Move cursor
Move cursor
Move cursor
Move cursor
Move cursor
Move cursor
Move cursor
Move cursor
Move cursor
Move cursor
Move cursor
Move cursor
Move cursor
Move cursor
Move cursor
Move cursor
Move cursor
Move cursor
Move cursor
Move cursor
Move cursor
Move cursor
Move cursor
Move cursor
Move cursor
Move cursor
Move cursor
Move cursor
Move cursor
Move cursor
Move cursor
[linenr]  ::  Line number
[linenr]  ::  Line number
[linenr]  ::  Line number
[linenr]  ::  Line number
[linenr]  ::  Line number
[linenr]  ::  Line number
[linenr]  ::  Line number
[linenr]  ::  Line number
[linenr]  ::  Line number
[linenr]  ::  Line number
[linenr]  ::  Line number
[linenr]  ::  Line number
[linenr]  ::  Line number
[linenr]  ::  Line number
[linenr]  ::  Line number
[linenr]  ::  Line number
[linenr]  ::  Line number
[linenr]  ::  Line number
[linenr]  ::  Line number
[linenr]  ::  Line number
[linenr]  ::  Line number
[linenr]  ::  Line number
[linenr]  ::  Line number
[linenr]  ::  Line number
[linenr]  ::  Line number
[linenr]  ::  Line number
[linenr]  ::  Line number
[linenr]  ::  Line number
[linenr]  ::  Line number
[linenr]  ::  Line number
[linenr]  ::  Line number
[linenr]  ::  Line number
[linenr]  ::  Line number
[linenr]  ::  Line number
[linenr]  ::  Line number
[linenr]  ::  Line number
[linenr]  ::  Line number
[linenr]  ::  Line number
[linenr]  ::  Line number
[linenr]  ::  Line number
[linenr]  ::  Line number
-----------------------
[linenr]  ::  Line number
-----------------------
[linenr]  ::  Line number
-----------------------
[linenr]  ::  Line number
-----------------------
[linenr]  ::  Line number
-----------------------
[linenr]  ::  Line number
-----------------------
[linenr]  ::  Line number
-----------------------
[linenr]  ::  Line number
-----------------------
[linenr]  ::  Line number
-----------------------
[linenr]  ::  Line number
-----------------------
[linenr]  ::  Line number
-----------------------
[linenr]  ::  Line number
-----------------------
[linenr]  ::  Line number
-----------------------
[linenr]  ::  Line number
-----------------------
[linenr]  ::  Line number
-----------------------
[linenr]  ::  Line number
-----------------------
[linenr]  ::  Line number
-----------------------
[linenr]  ::  Line number
-----------------------
[linenr]  ::  Line number
-----------------------
[linenr]  ::  Line number
-----------------------
[linenr]  ::  Line number
-----------------------
[linenr]  ::  Line number
-----------------------
[linenr]  ::  Line number
-----------------------
[linenr]  ::  Line number
-----------------------
[linenr]  ::  Line number
-----------------------
[linenr]  ::  Line number
-----------------------
[linenr]  ::  Line number
-----------------------
[linenr]  ::  Line number
-----------------------
[linenr]  ::  Line number
-----------------------
[linenr]  ::  Line number
-----------------------
[linenr]  ::  Line number
-----------------------
[linenr]  ::  Line number
-----------------------
[linenr]  ::  Line number
-----------------------
[linenr]  ::  Line number
-----------------------
[linenr]  ::  Line number
-----------------------
[linenr]  ::  Line number
-----------------------
[linenr]  ::  Line number
-----------------------
[linenr]  ::  Line number
-----------------------
[linenr]  ::  Line number
-----------------------
[linenr]  ::  Line number
-----------------------
[linenr]  ::  Line number
-----------------------
[linenr]  ::  Line number
-----------------------
[linenr]  ::  Line number
-----------------------
[linenr]  ::  Line number
-----------------------
[linenr]  ::  Line number
-----------------------
[linenr]  ::  Line number
-----------------------
[linenr]  ::  Line number
-----------------------
[linenr]  ::  Line number
-----------------------
[linenr]  ::  Line number
-----------------------
[linenr]  ::  Line number
-----------------------
[linenr]  ::  Line number
-----------------------
[linenr]  ::  Line number
-----------------------
[linenr]  ::  Line number
-----------------------
[linenr]  ::  Line number
-----------------------
[linenr]  ::  Line number
-----------------------
[linenr]  ::  Line number
-----------------------
[linenr]  ::  Line number
-----------------------
[linenr]  ::  Line number
-----------------------
[linenr]  ::  Line number
-----------------------
[linenr]  ::  Line number
-----------------------
[linenr]  ::  Line number
-----------------------
[linenr]  ::  Line number
-----------------------
[linenr]  ::  Line number
-----------------------
[linenr]  ::  Line number
-----------------------
[linenr]  ::  Line number
-----------------------
[linenr]  ::  Line number
-----------------------
[linenr]  ::  Line number
-----------------------
[linenr]  ::  Line number
-----------------------
[linenr]  ::  Line number
-----------------------
[linenr]  ::  Line number
-----------------------
[linenr]  ::  Line number
-----------------------
[linenr]  ::  Line number
-----------------------
[linenr]  ::  Line number
-----------------------
[linenr]  ::  Line number
-----------------------
[linenr]  ::  Line number
-----------------------
[linenr]  ::  Line number
-----------------------
[linenr]  ::  Line number
-----------------------
[linenr]  ::  Line number
-----------------------
[linenr]  ::  Line number
-----------------------
[linenr]  ::  Line number
-----------------------
[linenr]  ::  Line number
-----------------------
[linenr]  ::  Line number
-----------------------
[linenr]  ::  Line number
-----------------------
[linenr]  ::  Line number
-----------------------
[linenr]  ::  Line number
-----------------------
[linenr]  ::  Line number
-----------------------
[linenr]  ::  Line number
-----------------------
[linenr]  ::  Line number
-----------------------
[linenr]  ::  Line number
-----------------------
[linenr]  ::  Line number
-----------------------
[linenr]  ::  Line number
-----------------------
[linenr]  ::  Line number
-----------------------
[linenr]  ::  Line number
-----------------------
[linenr]  ::  Line number
-----------------------
[linenr]  ::  Line number
-----------------------
[linenr]  ::  Line number
-----------------------
[linenr]  ::  Line number
-----------------------
[linenr]  ::  Line number
-----------------------
[linenr]  ::  Line number
-----------------------
[linenr]  ::  Line number
-----------------------
[linenr]  ::  Line number
-----------------------
[linenr]  ::  Line number
-----------------------
[linenr]  ::  Line number
-----------------------
[linenr]  ::  Line number
-----------------------
[linenr]  ::  Line number
-----------------------
[linenr]  ::  Line number
-----------------------
[linenr]  ::  Line number
-----------------------
[linenr]  ::  Line number
-----------------------
[linenr]  ::  Line number
-----------------------
[linenr]  ::  Line number
-----------------------
[linenr]  ::  Line number
-----------------------
[linenr]  ::  Line number
-----------------------
[linenr]  ::  Line number
-----------------------
[linenr]  ::  Line number
-----------------------
[linenr]  ::  Line number
-----------------------
[linenr]  ::  Line number
-----------------------
[linenr]  ::  Line number
-----------------------
[linenr]  ::  Line number
-----------------------
[linenr]  ::  Line number
-----------------------
[linenr]  ::  Line number
-----------------------
[linenr]  ::  Line number
-----------------------
[linenr]  ::  Line number
-----------------------
[linenr]  ::  Line number
-----------------------
[linenr]  ::  Line number
-----------------------
[linenr]  ::  Line number
-----------------------
[linenr]  ::  Line number
-----------------------
[linenr]  ::  Line number
-----------------------
[linenr]  ::  Line number
-----------------------
[linenr]  ::  Line number
-----------------------
[linenr]  ::  Line number
-----------------------
[linenr]  ::  Line number
-----------------------
[linenr]  ::  Line number
-----------------------
[linenr]  ::  Line number
-----------------------
[linenr]  ::  Line number
-----------------------
[linenr]  ::  Line number
-----------------------
[linenr]  ::  Line number
-----------------------
[linenr]  ::  Line number
-----------------------
[linenr]  ::  Line number
-----------------------
[linenr]  ::  Line number
-----------------------
[linenr]  ::  Line number
-----------------------
[linenr]  ::  Line number
-----------------------
[linenr]  ::  Line number
-----------------------
[linenr]  ::  Line number
-----------------------
[linenr]  ::  Line number
-----------------------
[linenr]  ::  Line number
-----------------------
[linenr]  ::  Line number
-----------------------
[linenr]  ::  Line number
-----------------------
[linenr]  ::  Line number
-----------------------
[linenr]  ::  Line number
-----------------------
[linenr]  ::  Line number
-----------------------
[linenr]  ::  Line number
-----------------------
[linenr]  ::  Line number
-----------------------
[linenr]  ::  Line number
-----------------------
[linenr]  ::  Line number
-----------------------
[linenr]  ::  Line number
-----------------------
[linenr]  ::  Line number
-----------------------
[linenr]  ::  Line number
-----------------------
[linenr]  ::  Line number
-----------------------
[linenr]  ::  Line number
-----------------------
[linenr]  ::  Line number
-----------------------
[linenr]  ::  Line number
-----------------------
[linenr]  ::  Line number
-----------------------
[linenr]  ::  Line number
-----------------------
[linenr]  ::  Line number
-----------------------
[linenr]  ::  Line number
-----------------------
[linenr]  ::  Line number
-----------------------
[linenr]  ::  Line number
-----------------------
[linenr]  ::  Line number
-----------------------
[linenr]  ::  Line number
-----------------------
[linenr]  ::  Line number
-----------------------
[linenr]  ::  Line number
-----------------------
[linenr]  ::  Line number
-----------------------
[linenr]  ::  Line number
-----------------------
[linenr]  ::  Line number
-----------------------
[linenr]  ::  Line number
-----------------------
[linenr]  ::  Line number
-----------------------
[linenr]  ::  Line number
-----------------------
[linenr]  ::  Line number
-----------------------
[linenr]  ::  Line number
-----------------------
[linenr]  ::  Line number
-----------------------
[linenr]  ::  Line number
-----------------------
[linenr]  ::  Line number
-----------------------
[linenr]  ::  Line number
-----------------------
[linenr]  ::  Line number
-----------------------
[linenr]  ::  Line number
-----------------------
[linenr]  ::  Line number
-----------------------
[linenr]  ::  Line number
-----------------------
[linenr]  ::  Line number
-----------------------
[linenr]  ::  Line number
-----------------------
[linenr]  ::  Line number
-----------------------
[linenr]  ::  Line number
-----------------------
[linenr]  ::  Line number
-----------------------
[linenr]  ::  Line number
-----------------------
[linenr]  ::  Line number
-----------------------
[linenr]  ::  Line number
-----------------------
[linenr]  ::  Line number
-----------------------
[linenr]  ::  Line number
-----------------------
[linenr]  ::  Line number
-----------------------
[linenr]  ::  Line number
-----------------------
[linenr]  ::  Line number
-----------------------
[linenr]  ::  Line number
-----------------------
[linenr]  ::  Line number
-----------------------
[linenr]  ::  Line number
-----------------------
[linenr]  ::  Line number
-----------------------
[linenr]  ::  Line number
-----------------------
[linenr]  ::  Line number
-----------------------
[linenr]  ::  Line number
-----------------------
[linenr]  ::  Line number
-----------------------
[linenr]  ::  Line number
-----------------------
[linenr]  ::  Line number
-----------------------
[linenr]  ::  Line number
-----------------------
[linenr]  ::  Line number
-----------------------
[linenr]  ::  Line number
-----------------------
[linenr]  ::  Line number
-----------------------
[linenr]  ::  Line number
-----------------------
[linenr]  ::  Line number
-----------------------
[linenr]  ::  Line number
-----------------------
[linenr]  ::  Line number
-----------------------
[linenr]  ::  Line number
-----------------------
[linenr]  ::  Line number
-----------------------
[linenr]  ::  Line number
-----------------------
[linenr]  ::  Line number
-----------------------
[linenr]  ::  Line number
-----------------------
[linenr]  ::  Line number
-----------------------
[linenr]  ::  Line number
-----------------------
[linenr]  ::  Line number
-----------------------
[linenr]  ::  Line number
-----------------------
[linenr]  ::  Line number
-----------------------
[linenr]  ::  Line number
-----------------------
[linenr]  ::  Line number
-----------------------
[linenr]  ::  Line number
-----------------------
[linenr]  ::  Line number
-----------------------
[linenr]  ::  Line number
-----------------------
[linenr]  ::  Line number
-----------------------
[linenr]  ::  Line number
-----------------------
[linenr]  ::  Line number
-----------------------
[default]  ::  22
-----------------------
[default]  ::  22
-----------------------
[default]  ::  20
-----------------------
[default]  ::  21
-----------------------
[default]  ::  22
-----------------------
[default]  ::  23
-----------------------
[default]  ::  24
-----------------------
[default]  ::  0
-----------------------
[default]  ::  33
-----------------------
[default]  ::  32
-----------------------
[default]  ::  31
-----------------------
[default]  ::  30
-----------------------
[default]  ::  29
-----------------------
[default]  ::  28
-----------------------
[default]  ::  27
-----------------------
[default]  ::  26
-----------------------
[default]  ::  25
-----------------------
[default]  ::  24
-----------------------
[default]  ::  23
-----------------------
[default]  ::  22
-----------------------
[default]  ::  23
-----------------------
[default]  ::  24
-----------------------
[default]  ::  25
-----------------------
[default]  ::  24
-----------------------
[default]  ::  23
-----------------------
[default]  ::  22
-----------------------
[default]  ::  23
-----------------------
[default]  ::  24
-----------------------
[default]  ::  1
-----------------------
[default]  ::  0
-----------------------
[default]  ::  16
-----------------------
[default]  ::  15
-----------------------
[default]  ::  14
-----------------------
[default]  ::  13
-----------------------
[default]  ::  12
-----------------------
[default]  ::  11
-----------------------
[default]  ::  11
-----------------------
[default]  ::  11
-----------------------
[default]  ::  11
-----------------------
[default]  ::  11
-----------------------
[default]  ::  11
-----------------------
[default]  ::  11
-----------------------
[default]  ::  11
-----------------------
[default]  ::  11
-----------------------
[default]  ::  11
-----------------------
[default]  ::  11
-----------------------
[default]  ::  12
-----------------------
[default]  ::  13
-----------------------
[default]  ::  14
-----------------------
[default]  ::  15
-----------------------
[default]  ::  16
-----------------------
[default]  ::  17
-----------------------
[default]  ::  18
-----------------------
[default]  ::  19
-----------------------
[default]  ::  20
-----------------------
[default]  ::  21
-----------------------
[default]  ::  22
-----------------------
[default]  ::  21
-----------------------
[default]  ::  20
-----------------------
[default]  ::  19
-----------------------
[default]  ::  20
-----------------------
[default]  ::  19
-----------------------
[default]  ::  19
-----------------------
[default]  ::  18
-----------------------
[default]  ::  18
-----------------------
[default]  ::  17
-----------------------
[default]  ::  19
-----------------------
[default]  ::  19
-----------------------
[default]  ::  21
-----------------------
[default]  ::  21
-----------------------
[default]  ::  20
-----------------------
[default]  ::  19
-----------------------
[default]  ::  22
-----------------------
[default]  ::  23
-----------------------
[default]  ::  22
-----------------------
[default]  ::  21
-----------------------
[default]  ::  22
-----------------------
[default]  ::  22
-----------------------
[default]  ::  21
-----------------------
[default]  ::  22
-----------------------
[default]  ::  23
-----------------------
[default]  ::  22
-----------------------
[default]  ::  23
-----------------------
[default]  ::  22
-----------------------
[default]  ::  23
-----------------------
[default]  ::  24
-----------------------
[default]  ::  24
-----------------------
[default]  ::  24
-----------------------
[default]  ::  24
-----------------------
[default]  ::  24
-----------------------
[default]  ::  24
-----------------------
[default]  ::  24
-----------------------
[default]  ::  24
-----------------------
[default]  ::  24
-----------------------
[default]  ::  24
-----------------------
[default]  ::  24
-----------------------
[default]  ::  24
-----------------------
[default]  ::  24
-----------------------
[default]  ::  24
-----------------------
[default]  ::  24
-----------------------
[default]  ::  24
-----------------------
[default]  ::  24
-----------------------
[default]  ::  24
-----------------------
[default]  ::  24
-----------------------
[default]  ::  24
-----------------------
[default]  ::  24
-----------------------
[default]  ::  24
-----------------------
[default]  ::  24
-----------------------
[default]  ::  24
-----------------------
[default]  ::  24
-----------------------
[default]  ::  24
-----------------------
[default]  ::  24
-----------------------
[default]  ::  24
-----------------------
[default]  ::  24
-----------------------
[default]  ::  24
-----------------------
[default]  ::  24
-----------------------
[default]  ::  24
-----------------------
[default]  ::  24
-----------------------
[default]  ::  24
-----------------------
[default]  ::  24
-----------------------
[default]  ::  24
-----------------------
[default]  ::  24
-----------------------
[default]  ::  24
-----------------------
[default]  ::  24
-----------------------
[default]  ::  24
-----------------------
[default]  ::  24
-----------------------
[default]  ::  24
-----------------------
[default]  ::  24
-----------------------
[default]  ::  24
-----------------------
[default]  ::  24
-----------------------
[default]  ::  24
-----------------------
[default]  ::  24
-----------------------
[default]  ::  24
-----------------------
[default]  ::  24
-----------------------
[default]  ::  24
-----------------------
[default]  ::  24
-----------------------
[default]  ::  23
-----------------------
[default]  ::  23
-----------------------
[default]  ::  23
-----------------------
[default]  ::  23
-----------------------
[default]  ::  23
-----------------------
[default]  ::  23
-----------------------
[linenr]  ::  column 8
-----------------------
[linenr]  ::  24
-----------------------
[linenr]  ::  23
-----------------------
[linenr]  ::  column 9
-----------------------
[linenr]  ::  column 10
-----------------------
[linenr]  ::  column 11
-----------------------
[linenr]  ::  column 8
-----------------------
[linenr]  ::  24
-----------------------
[linenr]  ::  25
-----------------------
[linenr]  ::  26
-----------------------
[linenr]  ::  27
-----------------------
[linenr]  ::  1
-----------------------
[linenr]  ::  2
-----------------------
[linenr]  ::  24
-----------------------
[linenr]  ::  17
-----------------------
[linenr]  ::  1
-----------------------
[linenr]  ::  2
-----------------------
[linenr]  ::  3
-----------------------
[linenr]  ::  4
-----------------------
[linenr]  ::  5
-----------------------
[linenr]  ::  6
-----------------------
[linenr]  ::  7
-----------------------
[linenr]  ::  8
-----------------------
[linenr]  ::  9
-----------------------
[linenr]  ::  10
-----------------------
[linenr]  ::  11
-----------------------
[linenr]  ::  12
-----------------------
[linenr]  ::  13
-----------------------
[linenr]  ::  14
-----------------------
[linenr]  ::  15
-----------------------
[linenr]  ::  16
-----------------------
[linenr]  ::  17
-----------------------
[linenr]  ::  18
-----------------------
[linenr]  ::  19
-----------------------
[linenr]  ::  20
-----------------------
[linenr]  ::  21
-----------------------
[linenr]  ::  22
-----------------------
[linenr]  ::  23
-----------------------
[linenr]  ::  24
-----------------------
[linenr]  ::  10
-----------------------
[linenr]  ::  11
-----------------------
[linenr]  ::  24
-----------------------
[linenr]  ::  16
-----------------------
[linenr]  ::  17
-----------------------
[linenr]  ::  16
-----------------------
[linenr]  ::  15
-----------------------
[linenr]  ::  16
-----------------------
[linenr]  ::  15
-----------------------
[linenr]  ::  16
-----------------------
[linenr]  ::  column 9
-----------------------
[linenr]  ::  column 19
-----------------------
[linenr]  ::  17
-----------------------
[linenr]  ::  column 43
-----------------------
[linenr]  ::  29
-----------------------
[linenr]  ::  84
-----------------------
[linenr]  ::  83
-----------------------
[linenr]  ::  82
-----------------------
[linenr]  ::  81
-----------------------
[linenr]  ::  80
-----------------------
[linenr]  ::  79
-----------------------
[linenr]  ::  78
-----------------------
[linenr]  ::  77
-----------------------
[linenr]  ::  76
-----------------------
[linenr]  ::  75
-----------------------
[linenr]  ::  74
-----------------------
[linenr]  ::  73
-----------------------
[linenr]  ::  72
-----------------------
[linenr]  ::  73
-----------------------
[linenr]  ::  column 8
-----------------------
[linenr]  ::  column 9
-----------------------
[linenr]  ::  column 10
-----------------------
[linenr]  ::  column 11
-----------------------
[linenr]  ::  column 12
-----------------------
[linenr]  ::  column 8
-----------------------
[linenr]  ::  72
-----------------------
[linenr]  ::  71
-----------------------
[linenr]  ::  70
-----------------------
[linenr]  ::  71
-----------------------
[linenr]  ::  72
-----------------------
[linenr]  ::  74
-----------------------
[linenr]  ::  column 8
-----------------------
[linenr]  ::  73
-----------------------
[linenr]  ::  74
-----------------------
[linenr]  ::  column 52
-----------------------
[linenr]  ::  73
-----------------------
[linenr]  ::  74
-----------------------
[linenr]  ::  73
-----------------------
[linenr]  ::  72
-----------------------
[linenr]  ::  71
-----------------------
[linenr]  ::  70
-----------------------
[linenr]  ::  69
-----------------------
[linenr]  ::  68
-----------------------
[linenr]  ::  69
-----------------------
[linenr]  ::  70
-----------------------
[linenr]  ::  71
-----------------------
[linenr]  ::  72
-----------------------
[linenr]  ::  73
-----------------------
[linenr]  ::  74
-----------------------
[linenr]  ::  75
-----------------------
[linenr]  ::  74
-----------------------
[linenr]  ::  column 8
-----------------------
[linenr]  ::  73
-----------------------
[linenr]  ::  72
-----------------------
[linenr]  ::  71
-----------------------
[linenr]  ::  70
-----------------------
[linenr]  ::  69
-----------------------
[linenr]  ::  68
-----------------------
[linenr]  ::  69
-----------------------
[linenr]  ::  70
-----------------------
[linenr]  ::  71
-----------------------
[linenr]  ::  72
-----------------------
[linenr]  ::  73
-----------------------
[linenr]  ::  column 71
-----------------------
[linenr]  ::  72
[line]  ::      table.insert(utterances, { source = 'linenr', content = string.format('%d', cursor_pos.row) })
-----------------------
[linenr]  ::  1
[line]  ::  local M = {}
-----------------------
[linenr]  ::  3
[line]  ::  local state = {
-----------------------
[linenr]  ::  4
[line]  ::  
-----------------------
[linenr]  ::  3
[line]  ::  local uv = vim.loop;
-----------------------
[linenr]  ::  4
[line]  ::  
-----------------------
[linenr]  ::  5
[line]  ::  local state = {
-----------------------
[linenr]  ::  6
[line]  ::    opts = {},
-----------------------
[linenr]  ::  7
[line]  ::    cursor_pos = {},
-----------------------
[linenr]  ::  8
[line]  ::    augroup = nil,
-----------------------
[linenr]  ::  7
[line]  ::    cursor_pos = {},
-----------------------
[linenr]  ::  6
[line]  ::    opts = {},
-----------------------
[linenr]  ::  5
[line]  ::  local state = {
-----------------------
[linenr]  ::  6
[line]  ::    opts = {},
-----------------------
[linenr]  ::  7
[line]  ::    cursor_pos = {},
-----------------------
[linenr]  ::  8
[line]  ::    augroup = nil,
-----------------------
[linenr]  ::  9
[line]  ::  }
-----------------------
[linenr]  ::  10
[line]  ::  
-----------------------
[linenr]  ::  11
[line]  ::  local defaults = {
-----------------------
[linenr]  ::  12
[line]  ::    mappings = {
-----------------------
[linenr]  ::  13
[line]  ::      ["'"] = ' single quote ',
-----------------------
[linenr]  ::  14
[line]  ::      ['"'] = ' double quote ',
-----------------------
[linenr]  ::  15
[line]  ::      ['['] = ' open bracket ',
-----------------------
[linenr]  ::  16
[line]  ::      [']'] = ' close bracker ',
-----------------------
[linenr]  ::  17
[line]  ::      ['('] = ' open parenthesis ',
-----------------------
[linenr]  ::  18
[line]  ::      [')'] = ' close parenthesis ',
-----------------------
[linenr]  ::  19
[line]  ::    },
-----------------------
[linenr]  ::  20
[line]  ::  
-----------------------
[linenr]  ::  21
[line]  ::    on_cursor_moved = function(cursor_pos, delta)
-----------------------
[linenr]  ::  22
[line]  ::      M.autospeak(cursor_pos, delta.row ~= 0, delta.col ~= 0)
-----------------------
[linenr]  ::  21
[line]  ::    on_cursor_moved = function(cursor_pos, delta)
-----------------------
-----------------------
-----------------------
[linenr]  ::  20
[line]  ::  
-----------------------
[linenr]  ::  19
[line]  ::    },
-----------------------
[linenr]  ::  18
[line]  ::      [')'] = ' close parenthesis ',
-----------------------
[linenr]  ::  1
[line]  ::  local M = {}
-----------------------
[linenr]  ::  2
[line]  ::  
-----------------------
[linenr]  ::  3
[line]  ::  local uv = vim.loop
-----------------------
[linenr]  ::  4
[line]  ::  
-----------------------
[linenr]  ::  5
[line]  ::  local state = {
-----------------------
[linenr]  ::  6
[line]  ::    opts = {},
-----------------------
[linenr]  ::  7
[line]  ::    cursor_pos = {},
-----------------------
[linenr]  ::  8
[line]  ::    augroup = nil,
-----------------------
[linenr]  ::  9
[line]  ::  }
-----------------------
[linenr]  ::  8
[line]  ::    augroup = nil,
-----------------------
[linenr]  ::  9
[line]  ::  	cursor_moved_timer = uv.new_timer()
-----------------------
-----------------------
[linenr]  ::  8
[line]  ::    augroup = nil,
-----------------------
[linenr]  ::  9
[line]  ::    cursor_moved_timer = uv.new_timer(),
-----------------------
[linenr]  ::  10
[line]  ::  }
-----------------------
[linenr]  ::  9
[line]  ::    cursor_moved_timer = uv.new_timer(),
-----------------------
[linenr]  ::  10
[line]  ::  }
-----------------------
[linenr]  ::  11
[line]  ::  
-----------------------
[linenr]  ::  12
[line]  ::  local defaults = {
-----------------------
[linenr]  ::  13
[line]  ::    mappings = {
-----------------------
[linenr]  ::  41
[line]  ::    vim.api.nvim_create_autocmd('CursorMoved', {
-----------------------
[linenr]  ::  42
[line]  ::      group = state.augroup,
-----------------------
[linenr]  ::  43
[line]  ::      pattern = '*', -- apply to all buffers
-----------------------
[linenr]  ::  44
[line]  ::      callback = function()
-----------------------
[linenr]  ::  45
[line]  ::        local cursor_pos = get_cursor_pos()
-----------------------
[linenr]  ::  46
[line]  ::        if cursor_pos.row ~= state.cursor_pos.row or cursor_pos.col ~= state.cursor_pos.col then
-----------------------
[linenr]  ::  45
[line]  ::        local cursor_pos = get_cursor_pos()
-----------------------
[linenr]  ::  46
[line]  ::        if cursor_pos.row ~= state.cursor_pos.row or cursor_pos.col ~= state.cursor_pos.col then
-----------------------
[linenr]  ::  47
[line]  ::          local delta = { row = cursor_pos.row - state.cursor_pos.row, col = cursor_pos.col - state.cursor_pos.col }
-----------------------
[linenr]  ::  46
[line]  ::        if cursor_pos.row ~= state.cursor_pos.row or cursor_pos.col ~= state.cursor_pos.col then
-----------------------
[linenr]  ::  45
[line]  ::        local cursor_pos = get_cursor_pos()
-----------------------
[linenr]  ::  46
[line]  ::          local delta = { row = cursor_pos.row - state.cursor_pos.row, col = cursor_pos.col - state.cursor_pos.col }
-----------------------
[linenr]  ::  47
[line]  ::  
-----------------------
[linenr]  ::  48
[line]  ::        if cursor_pos.row ~= state.cursor_pos.row or cursor_pos.col ~= state.cursor_pos.col then
-----------------------
-----------------------
[linenr]  ::  47
[line]  ::  
-----------------------
[linenr]  ::  46
[line]  ::        local delta = { row = cursor_pos.row - state.cursor_pos.row, col = cursor_pos.col - state.cursor_pos.col }
-----------------------
[linenr]  ::  45
[line]  ::        local cursor_pos = get_cursor_pos()
-----------------------
[linenr]  ::  46
[line]  ::        local delta = { row = cursor_pos.row - state.cursor_pos.row, col = cursor_pos.col - state.cursor_pos.col }
-----------------------
[linenr]  ::  47
[line]  ::  
-----------------------
[linenr]  ::  46
[line]  ::        local delta = { row = cursor_pos.row - state.cursor_pos.row, col = cursor_pos.col - state.cursor_pos.col }
-----------------------
[linenr]  ::  45
[line]  ::        local cursor_pos = get_cursor_pos()
-----------------------
[linenr]  ::  44
[line]  ::      callback = function()
-----------------------
[linenr]  ::  43
[line]  ::      pattern = '*', -- apply to all buffers
-----------------------
[linenr]  ::  44
[line]  ::      callback = function()
-----------------------
[linenr]  ::  45
[line]  ::        local cursor_pos = get_cursor_pos()
-----------------------
[linenr]  ::  46
[line]  ::        local delta = { row = cursor_pos.row - state.cursor_pos.row, col = cursor_pos.col - state.cursor_pos.col }
-----------------------
[linenr]  ::  47
[line]  ::  
-----------------------
[linenr]  ::  46
[line]  ::        local delta = { row = cursor_pos.row - state.cursor_pos.row, col = cursor_pos.col - state.cursor_pos.col }
-----------------------
[linenr]  ::  47
[line]  ::  
-----------------------
[linenr]  ::  48
[line]  ::  			if delta.row ~= 0 or delta.col ~= 0 then
-----------------------
[linenr]  ::  49
[line]  ::          state.cursor_pos = cursor_pos
-----------------------
[linenr]  ::  48
[line]  ::  			if delta.row ~= 0 or delta.col ~= 0 then
-----------------------
-----------------------
[linenr]  ::  47
[line]  ::  
-----------------------
[linenr]  ::  48
[line]  ::        if delta.row ~= 0 or delta.col ~= 0 then
-----------------------
[linenr]  ::  49
[line]  ::          state.cursor_pos = cursor_pos
-----------------------
[linenr]  ::  50
[line]  ::  
-----------------------
[linenr]  ::  51
[line]  ::          if state.opts.on_cursor_moved then
-----------------------
[linenr]  ::  50
[line]  ::  
-----------------------
[linenr]  ::  51
[line]  ::          if state.opts.on_cursor_moved then
-----------------------
[linenr]  ::  50
[line]  ::  
-----------------------
[linenr]  ::  51
[line]  ::          if state.opts.on_cursor_moved then
-----------------------
[linenr]  ::  50
[line]  ::  
-----------------------
[linenr]  ::  49
[line]  ::          state.cursor_pos = cursor_pos
-----------------------
[linenr]  ::  50
[line]  ::  
-----------------------
[linenr]  ::  51
[line]  ::          if state.opts.on_cursor_moved then
-----------------------
[linenr]  ::  50
[line]  ::  
-----------------------
[linenr]  ::  51
[line]  ::          if state.opts.on_cursor_moved then
-----------------------
-----------------------
-----------------------
-----------------------
[linenr]  ::  50
[line]  ::  
-----------------------
-----------------------
[linenr]  ::  49
[line]  ::          state.cursor_pos = cursor_pos
-----------------------
[linenr]  ::  53
[line]  ::  				end
-----------------------
-----------------------
[linenr]  ::  52
[line]  ::            return
-----------------------
[linenr]  ::  53
[line]  ::          end
-----------------------
[linenr]  ::  55
[line]  ::  				state.cursor_timer.stop()
-----------------------
-----------------------
-----------------------
-----------------------
-----------------------
-----------------------
-----------------------
-----------------------
[linenr]  ::  57
[line]  ::  				);
-----------------------
[linenr]  ::  56
[line]  ::  				state.cursor_timer:start(
-----------------------
[linenr]  ::  57
[line]  ::  					state.opts.cursor_moved
-----------------------
-----------------------
[linenr]  ::  56
[line]  ::  				state.cursor_timer:start(
-----------------------
[linenr]  ::  59
[line]  ::  
-----------------------
[linenr]  ::  60
[line]  ::  				);
-----------------------
[linenr]  ::  59
[line]  ::  
-----------------------
[linenr]  ::  60
[line]  ::  				);
-----------------------
[linenr]  ::  59
[line]  ::  
-----------------------
[linenr]  ::  58
[line]  ::  						0,
-----------------------
[linenr]  ::  59
[line]  ::  
-----------------------
[linenr]  ::  58
[line]  ::  						0,
-----------------------
[linenr]  ::  59
[line]  ::  
-----------------------
[linenr]  ::  58
[line]  ::  						0,
-----------------------
[linenr]  ::  57
[line]  ::  					state.opts.cursor_moved_debounce,
-----------------------
[linenr]  ::  60
[line]  ::  					end))
-----------------------
[linenr]  ::  59
[line]  ::  					vim.schedule.wrap(function()
-----------------------
[linenr]  ::  58
[line]  ::  						0,
-----------------------
[linenr]  ::  57
[line]  ::  					state.opts.cursor_moved_debounce,
-----------------------
[linenr]  ::  56
[line]  ::  				state.cursor_timer:start(
-----------------------
[linenr]  ::  55
[line]  ::          state.cursor_timer:stop()
-----------------------
[linenr]  ::  54
[line]  ::  
-----------------------
[linenr]  ::  55
[line]  ::          state.cursor_timer:stop()
-----------------------
[linenr]  ::  56
[line]  ::  				state.cursor_timer:start(
-----------------------
[linenr]  ::  57
[line]  ::  					state.opts.cursor_moved_debounce,
-----------------------
[linenr]  ::  58
[line]  ::  						0,
-----------------------
[linenr]  ::  57
[line]  ::  					state.opts.cursor_moved_debounce,
-----------------------
[linenr]  ::  58
[line]  ::  						0,
-----------------------
-----------------------
-----------------------
[linenr]  ::  57
[line]  ::  					state.opts.cursor_moved_debounce,
-----------------------
[linenr]  ::  58
[line]  ::  						0,
-----------------------
-----------------------
-----------------------
[linenr]  ::  57
[line]  ::  					state.opts.cursor_moved_debounce,
-----------------------
[linenr]  ::  58
[line]  ::  						0,
-----------------------
[linenr]  ::  59
[line]  ::  					vim.schedule.wrap(function()
-----------------------
-----------------------
[linenr]  ::  62
[line]  ::  						end))
-----------------------
[linenr]  ::  59
[line]  ::  					vim.schedule.wrap(function()
-----------------------
[linenr]  ::  58
[line]  ::  						0,
-----------------------
[linenr]  ::  59
[line]  ::  					vim.schedule.wrap(function()
-----------------------
-----------------------
-----------------------
[linenr]  ::  60
[line]  ::  					end))
-----------------------
[linenr]  ::  61
[line]  ::  
-----------------------
[linenr]  ::  62
[line]  ::  				);
-----------------------
-----------------------
[linenr]  ::  57
[line]  ::        end
-----------------------
[linenr]  ::  58
[line]  ::      end,
-----------------------
[linenr]  ::  59
[line]  ::    })
-----------------------
[linenr]  ::  58
[line]  ::      end,
-----------------------
[linenr]  ::  57
[line]  ::        end
-----------------------
[linenr]  ::  56
[line]  ::          state.cursor_timer:start(state.opts.cursor_moved_debounce, 0, vim.schedule_wrap(function() end))
-----------------------
[linenr]  ::  55
[line]  ::          state.cursor_timer:stop()
-----------------------
[linenr]  ::  54
[line]  ::  
-----------------------
[linenr]  ::  55
[line]  ::          state.cursor_timer:stop()
-----------------------
[linenr]  ::  56
[line]  ::          state.cursor_timer:start(state.opts.cursor_moved_debounce, 0, vim.schedule_wrap(function() end))
-----------------------
-----------------------
-----------------------
-----------------------
-----------------------
-----------------------
-----------------------
-----------------------
-----------------------
-----------------------
[linenr]  ::  57
[line]  ::  				end))
-----------------------
[linenr]  ::  56
[line]  ::          state.cursor_timer:start(state.opts.cursor_moved_debounce, 0, vim.schedule_wrap(function()
-----------------------
[linenr]  ::  58
[line]  ::  					end
-----------------------
[linenr]  ::  57
[line]  ::  					if state.opts.on_cursor_moved then
-----------------------
[linenr]  ::  58
[line]  ::  						state.opts.on_cursor_moved(cursor_pos, delta)
-----------------------
-----------------------
[linenr]  ::  59
[line]  ::            vim.schedule_wrap(function()
-----------------------
[linenr]  ::  57
[line]  ::            state.opts.cursor_moved_debounce,
-----------------------
[linenr]  ::  58
[line]  ::            0,
-----------------------
[linenr]  ::  57
[line]  ::            state.opts.cursor_moved_debounce,
-----------------------
[linenr]  ::  56
[line]  ::          state.cursor_moved_timer:start(
-----------------------
[linenr]  ::  55
[line]  ::          state.cursor_moved_timer:stop()
-----------------------
[linenr]  ::  54
[line]  ::  
-----------------------
[linenr]  ::  53
[line]  ::          end
-----------------------
[linenr]  ::  52
[line]  ::            return
-----------------------
[linenr]  ::  53
[line]  ::          end
-----------------------
[linenr]  ::  67
[line]  ::    })
-----------------------
[linenr]  ::  1
[line]  ::  local M = {}
-----------------------
[linenr]  ::  2
[line]  ::  
-----------------------
[linenr]  ::  3
[line]  ::  local uv = vim.loop
-----------------------
[linenr]  ::  100
[line]  ::  return M
-----------------------
[linenr]  ::  1
[line]  ::  local M = {}
-----------------------
[linenr]  ::  22
[line]  ::    cursor_moved_debounce = 100,
-----------------------
-----------------------
-----------------------
-----------------------
-----------------------
-----------------------
-----------------------
-----------------------
-----------------------
-----------------------
-----------------------
-----------------------
-----------------------
[linenr]  ::  29
[line]  ::  local function get_cursor_pos()
-----------------------
[linenr]  ::  100
[line]  ::  return M
-----------------------
[linenr]  ::  99
[line]  ::  
-----------------------
[linenr]  ::  90
[line]  ::    end
-----------------------
[linenr]  ::  86
[line]  ::  
-----------------------
[linenr]  ::  85
[line]  ::    local line = vim.api.nvim_get_current_line()
-----------------------
[linenr]  ::  87
[line]  ::    if row_changed then
-----------------------
-----------------------
[linenr]  ::  86
[line]  ::  
-----------------------
[linenr]  ::  87
[line]  ::    if row_changed then
-----------------------
[linenr]  ::  88
[line]  ::      table.insert(utterances, { source = 'linenr', content = string.format('%d', cursor_pos.row) })
-----------------------
[linenr]  ::  87
[line]  ::    if row_changed then
-----------------------
[linenr]  ::  86
[line]  ::  
-----------------------
[linenr]  ::  87
[line]  ::    if row_changed then
-----------------------
[linenr]  ::  88
[line]  ::      table.insert(utterances, { source = 'linenr', content = string.format('%d', cursor_pos.row) })
-----------------------
[linenr]  ::  87
[line]  ::    if row_changed then
-----------------------
[linenr]  ::  89
[line]  ::      table.insert(utterances, { source = 'line', content = line })
-----------------------
[linenr]  ::  85
[line]  ::    local line = vim.api.nvim_get_current_line()
-----------------------
[linenr]  ::  82
[line]  ::    end
-----------------------
-----------------------
[linenr]  ::  81
[line]  ::      row_changed = true
-----------------------
[linenr]  ::  79
[line]  ::  function M.autospeak(cursor_pos, row_changed, col_changed)
-----------------------
-----------------------
-----------------------
-----------------------
-----------------------
[linenr]  ::  85
[line]  ::    local line = vim.api.nvim_get_current_line()
-----------------------
[linenr]  ::  100
[line]  ::  return M
-----------------------
[linenr]  ::  96
[line]  ::  log_backend.setup 'vox.log'
-----------------------
[linenr]  ::  98
[line]  ::  M.setup { backend = log_backend }
-----------------------
[linenr]  ::  100
[line]  ::  class="p-4 w-full"
-----------------------
-----------------------
-----------------------
-----------------------
-----------------------
[linenr]  ::  98
[line]  ::  M.setup { backend = log_backend }
-----------------------
[linenr]  ::  117
[line]  ::  
-----------------------
[linenr]  ::  118
[line]  ::  return M
-----------------------
[linenr]  ::  114
[line]  ::  log_backend.setup 'vox.log'
-----------------------
[linenr]  ::  113
[line]  ::  local log_backend = require 'log_backend'
-----------------------
[linenr]  ::  105
[line]  ::      table.insert(utterances, { source = 'line', content = line })
-----------------------
[linenr]  ::  107
[line]  ::      vim.print 'Col changed'
-----------------------
-----------------------
-----------------------
-----------------------
-----------------------
-----------------------
-----------------------
-----------------------
-----------------------
[linenr]  ::  62
[line]  ::        vim.print 'Hier'
-----------------------
-----------------------
[linenr]  ::  105
[line]  ::    end
-----------------------
[linenr]  ::  104
[line]  ::    elseif col_changed then
-----------------------
[linenr]  ::  105
[line]  ::    end
-----------------------
[linenr]  ::  104
[line]  ::    elseif col_changed then
-----------------------
[linenr]  ::  105
[line]  ::  		
-----------------------
-----------------------
-----------------------
-----------------------
-----------------------
[linenr]  ::  105
[line]  ::      local ts_token = get_ts_node_text_under_cursor()
-----------------------
[linenr]  ::  106
[line]  ::      vim.print(ts_token)
-----------------------
[linenr]  ::  105
[line]  ::  		
-----------------------
[linenr]  ::  103
[line]  ::      table.insert(utterances, { source = 'line', content = line })
-----------------------
[linenr]  ::  105
[line]  ::      local ts_token = get_ts_node_text_under_cursor()
-----------------------
[linenr]  ::  106
[line]  ::      table.insert(utterances, { source = 'line', content = line })
-----------------------
-----------------------
-----------------------
-----------------------
-----------------------
[line]  ::  local ts_token = get_ts_node_text_under_cursor()
    table.insert(utterances, { source = 'line', content = ts_token })
-----------------------
[line]  ::  table
-----------------------
[line]  ::  table.insert
-----------------------
[linenr]  ::  1
[line]  ::  local ts_utils = require 'nvim-treesitter.ts_utils'
-----------------------
[linenr]  ::  31
[line]  ::  local function get_cursor_pos()
-----------------------
[linenr]  ::  37
[line]  ::  local function get_ts_node_text_under_cursor()
-----------------------
[linenr]  ::  38
[line]  ::    local node = ts_utils.get_node_at_cursor()
-----------------------
[linenr]  ::  39
[line]  ::    if not node then
-----------------------
[linenr]  ::  40
[line]  ::      return nil
-----------------------
[linenr]  ::  41
[line]  ::    end
-----------------------
[linenr]  ::  43
[line]  ::    local bufnr = vim.api.nvim_get_current_buf()
-----------------------
[linenr]  ::  44
[line]  ::    local text = vim.treesitter.get_node_text(node, bufnr)
-----------------------
[linenr]  ::  42
[line]  ::  
-----------------------
[linenr]  ::  41
[line]  ::    end
-----------------------
[line]  ::  (node)
-----------------------
[line]  ::  local node = ts_utils.get_node_at_cursor()
  if not node then
    return nil
  end

  vim.print(node)

  local bufnr = vim.api.nvim_get_current_buf()
  local text = vim.treesitter.get_node_text(node, bufnr)

  return text
-----------------------
[linenr]  ::  42
[line]  ::  
-----------------------
[linenr]  ::  43
[line]  ::    vim.print(node)
-----------------------
[linenr]  ::  44
[line]  ::  
-----------------------
[linenr]  ::  43
[line]  ::    vim.print(node)
-----------------------
[line]  ::  ()
-----------------------
[line]  ::  (node)
-----------------------
[line]  ::  local node = ts_utils.get_node_at_cursor()
  if not node then
    return nil
  end

  vim.print(vim.inspect(node))

  local bufnr = vim.api.nvim_get_current_buf()
  local text = vim.treesitter.get_node_text(node, bufnr)

  return text
-----------------------
[line]  ::  vim
-----------------------
[line]  ::  print
-----------------------
[line]  ::  local node = ts_utils.get_node_at_cursor()
  if not node then
    return nil
  end

  print(vim.inspect(node))

  local bufnr = vim.api.nvim_get_current_buf()
  local text = vim.treesitter.get_node_text(node, bufnr)

  return text
-----------------------
[linenr]  ::  44
[line]  ::    local text = vim.treesitter.get_node_text(node, bufnr)
-----------------------
[linenr]  ::  43
[line]  ::    local bufnr = vim.api.nvim_get_current_buf()
-----------------------
[linenr]  ::  42
[line]  ::  
-----------------------
[linenr]  ::  37
[line]  ::  local function get_ts_node_text_under_cursor()
-----------------------
[linenr]  ::  38
[line]  ::    local node = ts_utils.get_node_at_cursor()
-----------------------
[linenr]  ::  163
[line]  ::    local_declaration: (function_declaration ; [36, 0] - [46, 3]
-----------------------
[linenr]  ::  164
[line]  ::      name: (identifier) ; [36, 15] - [36, 44]
-----------------------
[linenr]  ::  163
[line]  ::    local_declaration: (function_declaration ; [36, 0] - [46, 3]
-----------------------
[linenr]  ::  164
[line]  ::      name: (identifier) ; [36, 15] - [36, 44]
-----------------------
[linenr]  ::  165
[line]  ::      parameters: (parameters) ; [36, 44] - [36, 46]
-----------------------
[linenr]  ::  164
[line]  ::      name: (identifier) ; [36, 15] - [36, 44]
-----------------------
[linenr]  ::  163
[line]  ::    local_declaration: (function_declaration ; [36, 0] - [46, 3]
-----------------------
[line]  ::  local_declaration
-----------------------
[linenr]  ::  164
[line]  ::      name: (identifier) ; [36, 15] - [36, 44]
-----------------------
[linenr]  ::  165
[line]  ::      parameters: (parameters) ; [36, 44] - [36, 46]
-----------------------
[linenr]  ::  164
[line]  ::      name: (identifier) ; [36, 15] - [36, 44]
-----------------------
[linenr]  ::  163
[line]  ::    local_declaration: (function_declaration ; [36, 0] - [46, 3]
-----------------------
[linenr]  ::  38
[line]  ::    local node = ts_utils.get_node_at_cursor()
-----------------------
[linenr]  ::  39
[line]  ::    if not node then
-----------------------
[linenr]  ::  38
[line]  ::    local node = ts_utils.get_node_at_cursor()
-----------------------
[linenr]  ::  39
[line]  ::    if not node then
-----------------------
[linenr]  ::  38
[line]  ::    local node = ts_utils.get_node_at_cursor()
-----------------------
[linenr]  ::  163
[line]  ::    local_declaration: (function_declaration ; [36, 0] - [46, 3]
-----------------------
[linenr]  ::  164
[line]  ::      name: (identifier) ; [36, 15] - [36, 44]
-----------------------
[linenr]  ::  165
[line]  ::      parameters: (parameters) ; [36, 44] - [36, 46]
-----------------------
[linenr]  ::  166
[line]  ::      body: (block ; [37, 2] - [45, 13]
-----------------------
[linenr]  ::  167
[line]  ::        local_declaration: (variable_declaration ; [37, 2] - [37, 44]
-----------------------
[linenr]  ::  165
[line]  ::      parameters: (parameters) ; [36, 44] - [36, 46]
-----------------------
[linenr]  ::  164
[line]  ::      name: (identifier) ; [36, 15] - [36, 44]
-----------------------
[linenr]  ::  167
[line]  ::        local_declaration: (variable_declaration ; [37, 2] - [37, 44]
-----------------------
[linenr]  ::  164
[line]  ::      name: (identifier) ; [36, 15] - [36, 44]
-----------------------
[linenr]  ::  165
[line]  ::      parameters: (parameters) ; [36, 44] - [36, 46]
-----------------------
[linenr]  ::  166
[line]  ::      body: (block ; [37, 2] - [45, 13]
-----------------------
[linenr]  ::  165
[line]  ::      parameters: (parameters) ; [36, 44] - [36, 46]
-----------------------
[linenr]  ::  38
[line]  ::    local node = ts_utils.get_node_at_cursor()
-----------------------
[linenr]  ::  39
[line]  ::    if not node then
-----------------------
[linenr]  ::  38
[line]  ::    local node = ts_utils.get_node_at_cursor()
-----------------------
[line]  ::  local node = ts_utils.get_node_at_cursor()
-----------------------
[linenr]  ::  37
[line]  ::  local function get_ts_node_text_under_cursor()
-----------------------
[linenr]  ::  163
[line]  ::    local_declaration: (function_declaration ; [36, 0] - [46, 3]
-----------------------
[linenr]  ::  162
[line]  ::                  field: (identifier)))))))) ; [33, 32] - [33, 35]
-----------------------
[linenr]  ::  163
[line]  ::    local_declaration: (function_declaration ; [36, 0] - [46, 3]
-----------------------
[linenr]  ::  164
[line]  ::      name: (identifier) ; [36, 15] - [36, 44]
-----------------------
[linenr]  ::  163
[line]  ::    local_declaration: (function_declaration ; [36, 0] - [46, 3]
-----------------------
[linenr]  ::  37
[line]  ::  local function get_ts_node_text_under_cursor()
-----------------------
[line]  ::  local function get_ts_node_text_under_cursor()
  local node = ts_utils.get_node_at_cursor()
  if not node then
    return nil
  end

  local bufnr = vim.api.nvim_get_current_buf()
  local text = vim.treesitter.get_node_text(node, bufnr)

  return text
end
-----------------------
[line]  ::  local function get_ts_node_text_under_cursor()
  local node = ts_utils.get_node_at_cursor()
  if not node then
    return nil
  end

  local bufnr = vim.api.nvim_get_current_buf()
  local text = vim.treesitter.get_node_text(node, bufnr)

  return text
end
-----------------------
[line]  ::  local function get_ts_node_text_under_cursor()
  local node = ts_utils.get_node_at_cursor()
  if not node then
    return nil
  end

  local bufnr = vim.api.nvim_get_current_buf()
  local text = vim.treesitter.get_node_text(node, bufnr)

  return text
end
-----------------------
[line]  ::  local function get_ts_node_text_under_cursor()
  local node = ts_utils.get_node_at_cursor()
  if not node then
    return nil
  end

  local bufnr = vim.api.nvim_get_current_buf()
  local text = vim.treesitter.get_node_text(node, bufnr)

  return text
end
-----------------------
[line]  ::  local function get_ts_node_text_under_cursor()
  local node = ts_utils.get_node_at_cursor()
  if not node then
    return nil
  end

  local bufnr = vim.api.nvim_get_current_buf()
  local text = vim.treesitter.get_node_text(node, bufnr)

  return text
end
-----------------------
[linenr]  ::  38
[line]  ::    local node = ts_utils.get_node_at_cursor()
-----------------------
[linenr]  ::  37
[line]  ::  local function get_ts_node_text_under_cursor()
-----------------------
[line]  ::  local function get_ts_node_text_under_cursor()
  local node = ts_utils.get_node_at_cursor()
  if not node then
    return nil
  end

  local bufnr = vim.api.nvim_get_current_buf()
  local text = vim.treesitter.get_node_text(node, bufnr)

  return text
end
-----------------------
[line]  ::  get_ts_node_text_under_cursor
-----------------------
[line]  ::  local function get_ts_node_text_under_cursor()
  local node = ts_utils.get_node_at_cursor()
  if not node then
    return nil
  end

  local bufnr = vim.api.nvim_get_current_buf()
  local text = vim.treesitter.get_node_text(node, bufnr)

  return text
end
-----------------------
[linenr]  ::  117
[line]  ::  return M
-----------------------
[linenr]  ::  116
[line]  ::  
-----------------------
[linenr]  ::  98
[line]  ::    local utterances = {}
-----------------------
[linenr]  ::  102
[line]  ::      table.insert(utterances, { source = 'linenr', content = string.format('%d', cursor_pos.row) })
-----------------------
[linenr]  ::  101
[line]  ::    if row_changed then
-----------------------
[linenr]  ::  97
[line]  ::  
-----------------------
[linenr]  ::  98
[line]  ::    local utterances = {}
-----------------------
[linenr]  ::  92
[line]  ::  
-----------------------
[linenr]  ::  93
[line]  ::  function M.autospeak(cursor_pos, row_changed, col_changed)
-----------------------
[linenr]  ::  108
[line]  ::  
-----------------------
[linenr]  ::  107
[line]  ::    end
-----------------------
[linenr]  ::  108
[line]  ::  
-----------------------
[linenr]  ::  109
[line]  ::    M.speak(utterances)
-----------------------
[linenr]  ::  108
[line]  ::  
-----------------------
[linenr]  ::  109
[line]  ::    M.speak(utterances)
-----------------------
[linenr]  ::  110
[line]  ::  end
-----------------------
[linenr]  ::  93
[line]  ::  
-----------------------
[linenr]  ::  91
[line]  ::  end
-----------------------
[linenr]  ::  92
[line]  ::  
-----------------------
[linenr]  ::  91
[line]  ::  end
-----------------------
[linenr]  ::  93
[line]  ::  
-----------------------
[linenr]  ::  94
[line]  ::    if row_changed == nil then
-----------------------
[linenr]  ::  93
[line]  ::  function M.autospeak(cursor_pos, row_changed, col_changed)
-----------------------
[line]  ::  autospeak
-----------------------
[line]  ::  speak_line
-----------------------
[line]  ::  cursor_pos
-----------------------
[line]  ::  row_changed
-----------------------
[line]  ::  cursor_pos
-----------------------
[line]  ::  (cursor_pos, row_changed, col_changed)
-----------------------
[linenr]  ::  92
[line]  ::  
-----------------------
[linenr]  ::  93
[line]  ::  function M.speak_line(cursor_pos)
-----------------------
[linenr]  ::  94
[line]  ::    if row_changed == nil then
-----------------------
[linenr]  ::  96
[line]  ::    end
-----------------------
[linenr]  ::  94
[line]  ::  
-----------------------
[linenr]  ::  95
[line]  ::    local line = vim.api.nvim_get_current_line()
-----------------------
[linenr]  ::  94
[line]  ::    local utterances = {}
-----------------------
[linenr]  ::  95
[line]  ::    local line = vim.api.nvim_get_current_line()
-----------------------
[linenr]  ::  94
[line]  ::    local utterances = {}
-----------------------
[linenr]  ::  93
[line]  ::  function M.speak_line(cursor_pos)
-----------------------
[line]  ::  if cursor_pos == nil then
    cursor_pos = get_cursor_pos()
  end
-----------------------
[linenr]  ::  97
[line]  ::    local utterances = {}
-----------------------
[linenr]  ::  98
[line]  ::    local utterances = {}
-----------------------
[linenr]  ::  99
[line]  ::    local line = vim.api.nvim_get_current_line()
-----------------------
[linenr]  ::  100
[line]  ::  
-----------------------
[linenr]  ::  101
[line]  ::    if row_changed then
-----------------------
[linenr]  ::  98
[line]  ::    local utterances = {}
-----------------------
[linenr]  ::  100
[line]  ::    if row_changed then
-----------------------
[linenr]  ::  106
[line]  ::    end
-----------------------
[linenr]  ::  100
[line]  ::  
-----------------------
[linenr]  ::  101
[line]  ::    M.speak(utterances)
-----------------------
[linenr]  ::  98
[line]  ::    local line = vim.api.nvim_get_current_line()
-----------------------
[linenr]  ::  102
[line]  ::  	}
-----------------------
[linenr]  ::  105
[line]  ::  local log_backend = require 'log_backend'
-----------------------
[linenr]  ::  106
[line]  ::  log_backend.setup 'vox.log'
-----------------------
[linenr]  ::  102
[line]  ::    }
-----------------------
[line]  ::  (utterances)
-----------------------
[linenr]  ::  120
[line]  ::      { source = 'linenr', content = cursor_pos.row },
-----------------------
[linenr]  ::  121
[line]  ::      { source = 'line', content = line:sub(col, col) },
-----------------------
[linenr]  ::  120
[line]  ::      { source = 'linenr', content = cursor_pos.row },
-----------------------
[linenr]  ::  121
[line]  ::      { source = 'line', content = line:sub(col,col) },
-----------------------
[linenr]  ::  121
[line]  ::  
-----------------------
[linenr]  ::  121
[line]  ::  o
-----------------------
[linenr]  ::  121
[line]  ::  u
-----------------------
[linenr]  ::  121
[line]  ::  r
-----------------------
[linenr]  ::  121
[line]  ::  c
-----------------------
[linenr]  ::  121
[line]  ::  e
-----------------------
[linenr]  ::  116
[line]  ::    local col = cursor_pos.col + 1
-----------------------
[linenr]  ::  117
[line]  ::  
-----------------------
[linenr]  ::  117
[line]  ::  r
-----------------------
[linenr]  ::  1
[line]  ::  local ts_utils = require 'nvim-treesitter.ts_utils'
-----------------------
[linenr]  ::  35
[line]  ::  local function get_cursor_pos()
-----------------------
[linenr]  ::  38
[line]  ::    return { row = row, col = pos.col }
-----------------------
[linenr]  ::  37
[line]  ::    local pos = vim.fn.screenpos(0, row, col)
-----------------------
[linenr]  ::  36
[line]  ::    local row, col = unpack(vim.api.nvim_win_get_cursor(0))
-----------------------
[linenr]  ::  37
[line]  ::    local pos = vim.fn.screenpos(0, row, col)
-----------------------
[linenr]  ::  38
[line]  ::    local pos = vim.fn.screenpos(0, row, col)
-----------------------
[linenr]  ::  38
[line]  ::  o
-----------------------
[linenr]  ::  37
[line]  ::    local pos = vim.fn.screenpos(0, row, col)
-----------------------
[linenr]  ::  37
[line]  ::  p
-----------------------
[linenr]  ::  37
[line]  ::  v
-----------------------
[linenr]  ::  37
[line]  ::  m
-----------------------
[linenr]  ::  37
[line]  ::  
-----------------------
[linenr]  ::  37
[line]  ::  
-----------------------
[linenr]  ::  37
[line]  ::  
-----------------------
[linenr]  ::  37
[line]  ::  
-----------------------
[linenr]  ::  37
[line]  ::  
-----------------------
[linenr]  ::  37
[line]  ::  
-----------------------
[linenr]  ::  36
[line]  ::    local row, col = unpack(vim.api.nvim_win_get_cursor(0))
-----------------------
[linenr]  ::  37
[line]  ::    local origin = vim.fn.screenpos(0, row, 0)
-----------------------
[linenr]  ::  40
[line]  ::  end
-----------------------
[linenr]  ::  39
[line]  ::    return { row = row, col = pos.col }
-----------------------
[linenr]  ::  40
[line]  ::  end
-----------------------
[linenr]  ::  39
[line]  ::    return { row = row, col = pos.col }
-----------------------
[linenr]  ::  39
[line]  ::  
-----------------------
[linenr]  ::  39
[line]  ::   
-----------------------
[linenr]  ::  39
[line]  ::   
-----------------------
[linenr]  ::  39
[line]  ::  r
-----------------------
[linenr]  ::  39
[line]  ::  e
-----------------------
[linenr]  ::  39
[line]  ::   
-----------------------
[linenr]  ::  134
[line]  ::  return M
-----------------------
[linenr]  ::  123
[line]  ::      { source = 'line', content = line:sub(col, col) },
-----------------------
[linenr]  ::  118
[line]  ::    vim.print(string.format('%d', col))
-----------------------
[linenr]  ::  122
[line]  ::      { source = 'line', content = line:sub(col, col) },
-----------------------
[linenr]  ::  117
[line]  ::    local col = cursor_pos.col + 1
-----------------------
[linenr]  ::  117
[line]  ::   
-----------------------
[linenr]  ::  117
[line]  ::  o
-----------------------
[linenr]  ::  117
[line]  ::  
-----------------------
[linenr]  ::  117
[line]  ::   
-----------------------
[linenr]  ::  117
[line]  ::   
-----------------------
[linenr]  ::  117
[line]  ::  a
-----------------------
[linenr]  ::  117
[line]  ::  c
-----------------------
[linenr]  ::  122
[line]  ::      { source = 'line', content = line:sub(col, col) },
-----------------------
[linenr]  ::  121
[line]  ::      { source = 'linenr', content = cursor_pos.row },
-----------------------
[linenr]  ::  121
[line]  ::   
-----------------------
[linenr]  ::  121
[line]  ::  u
-----------------------
[linenr]  ::  121
[line]  ::  _
-----------------------
[linenr]  ::  121
[line]  ::   
-----------------------
[linenr]  ::  121
[line]  ::  .
-----------------------
[linenr]  ::  121
[line]  ::  c
-----------------------
[linenr]  ::  0
[line]  ::  
-----------------------
[linenr]  ::  1
[line]  ::   
-----------------------
[linenr]  ::  0
[line]  ::  
-----------------------
[linenr]  ::  1
[line]  ::   
-----------------------
[linenr]  ::  2
[line]  ::   
-----------------------
[linenr]  ::  3
[line]  ::   
-----------------------
[linenr]  ::  0
[line]  ::  
-----------------------
[linenr]  ::  1
[line]  ::   
-----------------------
[linenr]  ::  2
[line]  ::   
-----------------------
[linenr]  ::  117
[line]  ::    local col = cursor_pos.col
-----------------------
[linenr]  ::  26
[line]  ::  c
-----------------------
[linenr]  ::  30
[line]  ::  +
-----------------------
[linenr]  ::  1
[line]  ::   
-----------------------
[linenr]  ::  2
[line]  ::   
-----------------------
[linenr]  ::  3
[line]  ::  l
-----------------------
[linenr]  ::  2
[line]  ::   
-----------------------
[linenr]  ::  1
[line]  ::   
-----------------------
[linenr]  ::  2
[line]  ::   
-----------------------
[linenr]  ::  114
[line]  ::      cursor_pos = get_cursor_pos()
-----------------------
[linenr]  ::  117
[line]  ::    local col = cursor_pos.col + 1
-----------------------
[linenr]  ::  31
[line]  ::   
-----------------------
[linenr]  ::  119
[line]  ::    local line = vim.api.nvim_get_current_line()
-----------------------
[linenr]  ::  120
[line]  ::    local utterances = {
-----------------------
[linenr]  ::  117
[line]  ::    local col = cursor_pos.col + 2
-----------------------
[linenr]  ::  1
[line]  ::   
-----------------------
[linenr]  ::  3
[line]  ::  l
-----------------------
[linenr]  ::  121
[line]  ::      { source = 'linenr', content = col },
-----------------------
[linenr]  ::  117
[line]  ::    local col = cursor_pos.col + 2
-----------------------
[linenr]  ::  32
[line]  ::  2
-----------------------
[linenr]  ::  122
[line]  ::      { source = 'line', content = line:sub(col, col) },
-----------------------
[linenr]  ::  46
[line]  ::  ,
-----------------------
[linenr]  ::  53
[line]  ::  o
-----------------------
[linenr]  ::  54
[line]  ::  l
-----------------------
[linenr]  ::  58
[line]  ::  1
-----------------------
[linenr]  ::  1
[line]  ::  
-----------------------
[linenr]  ::  2
[line]  ::  
-----------------------
[linenr]  ::  3
[line]  ::  local default_config = {}
-----------------------
[linenr]  ::  4
[line]  ::  _VoxBackendConfig = _VoxBackendConfig or {}
-----------------------
[linenr]  ::  5
[line]  ::  
-----------------------
[linenr]  ::  6
[line]  ::  M.setup = function(user_config)
-----------------------
[linenr]  ::  7
[line]  ::  	user_config = user_config or {}
-----------------------
[linenr]  ::  8
[line]  ::  	_VoxBackendConfig = vim.tbl_deep_extend("force", default_config, user_config)
-----------------------
[linenr]  ::  9
[line]  ::  	return M
-----------------------
[linenr]  ::  12
[line]  ::  function M:speak(utterances)
-----------------------
[linenr]  ::  13
[line]  ::  	local routing = _VoxBackendConfig.routing or {}
-----------------------
[linenr]  ::  4
[line]  ::  _VoxBackendConfig = _VoxBackendConfig or {}
-----------------------
[linenr]  ::  3
[line]  ::  local default_config = {}
-----------------------
[linenr]  ::  4
[line]  ::  _VoxBackendConfig = _VoxBackendConfig or {}
-----------------------
[linenr]  ::  1
[line]  ::  > 
-----------------------
[linenr]  ::  3
[line]  ::  local default_config = {
-----------------------
[linenr]  ::  4
[line]  ::  	backend = backend,
-----------------------
[linenr]  ::  5
[line]  ::  	wait_time = 25,
-----------------------
[linenr]  ::  7
[line]  ::  	modes = {
-----------------------
[linenr]  ::  8
[line]  ::  		c = "Command",
-----------------------
[linenr]  ::  9
[line]  ::  		i = "Insert",
-----------------------
[linenr]  ::  18
[line]  ::  		["("] = "L par",
-----------------------
[linenr]  ::  15
[line]  ::  	postprocess = nil,
-----------------------
[linenr]  ::  17
[line]  ::  	char_map = {
-----------------------
[linenr]  ::  18
[line]  ::  		["("] = "L par",
-----------------------
[linenr]  ::  41
[line]  ::  M.get = function(key)
-----------------------
[linenr]  ::  42
[line]  ::  	return config[key]
-----------------------
[linenr]  ::  1
[line]  ::  local backend = require("vox.backend")
-----------------------
[linenr]  ::  4
[line]  ::  _VoxBackendConfig = _VoxBackendConfig or {}
-----------------------
[linenr]  ::  48
[line]  ::  return M
-----------------------
[linenr]  ::  47
[line]  ::  
-----------------------
[linenr]  ::  29
[line]  ::  Host: 127.0.0.1:1729
-----------------------
[linenr]  ::  32
[line]  ::  Content-Type: application/json
-----------------------
[linenr]  ::  33
[line]  ::  Content-Length: %d
-----------------------
[linenr]  ::  29
[line]  ::  Host: 127.0.0.1:1729
-----------------------
[linenr]  ::  1
[line]  ::  local M = {}
-----------------------
[linenr]  ::  4
[line]  ::  _VoxBackendConfig = _VoxBackendConfig or {}
-----------------------
[linenr]  ::  12
[line]  ::  function M:speak(utterances)
-----------------------
[linenr]  ::  13
[line]  ::  	local routing = _VoxBackendConfig.routing or {}
-----------------------
[linenr]  ::  38
[line]  ::  	local client = vim.uv.new_tcp()
-----------------------
[linenr]  ::  37
[line]  ::  
-----------------------
[linenr]  ::  29
[line]  ::  Host: 127.0.0.1:1729
-----------------------
[linenr]  ::  28
[line]  ::  POST /speak HTTP/1.1
-----------------------
[linenr]  ::  29
[line]  ::  Host: 127.0.0.1:1729
-----------------------
[linenr]  ::  29
[line]  ::  User-Agent: curl/8.4.0
-----------------------
[linenr]  ::  48
[line]  ::  return M
-----------------------
[linenr]  ::  43
[line]  ::  			client:close()
-----------------------
[linenr]  ::  1
[line]  ::  local M = {}
-----------------------
[linenr]  ::  2
[line]  ::  
-----------------------
[linenr]  ::  3
[line]  ::  local default_config = {}
-----------------------
[linenr]  ::  2
[line]  ::  
-----------------------
[linenr]  ::  1
[line]  ::  local M = {}
-----------------------
[linenr]  ::  2
[line]  ::  
-----------------------
[linenr]  ::  3
[line]  ::  local default_config = {}
-----------------------
[linenr]  ::  4
[line]  ::  _VoxBackendConfig = _VoxBackendConfig or {}
-----------------------
[linenr]  ::  5
[line]  ::  
-----------------------
[linenr]  ::  4
[line]  ::  _VoxBackendConfig = _VoxBackendConfig or {}
-----------------------
[linenr]  ::  3
[line]  ::  local default_config = {}
-----------------------
[linenr]  ::  2
[line]  ::  
-----------------------
[linenr]  ::  3
[line]  ::  
-----------------------
[linenr]  ::  1
[line]  ::  > 
-----------------------
[linenr]  ::  4
[line]  ::  
-----------------------
[linenr]  ::  3
[line]  ::  local M = {}
-----------------------
[linenr]  ::  7
[line]  ::  function M.setup(filename)
-----------------------
[linenr]  ::  9
[line]  ::  end
-----------------------
[linenr]  ::  8
[line]  ::    state.path = Path:new(filename)
-----------------------
[linenr]  ::  3
[line]  ::  
-----------------------
[linenr]  ::  1
[line]  ::  > i
-----------------------
[linenr]  ::  2
[line]  ::  
-----------------------
[linenr]  ::  54
[line]  ::  function M.setup(opts)
-----------------------
[linenr]  ::  55
[line]  ::    state.opts = vim.tbl_deep_extend('force', defaults, opts or {})
-----------------------
[linenr]  ::  54
[line]  ::  function M.setup(opts)
-----------------------
[linenr]  ::  55
[line]  ::    state.opts = vim.tbl_deep_extend('force', defaults, opts or {})
-----------------------
[linenr]  ::  54
[line]  ::  function M.setup(opts)
-----------------------
[linenr]  ::  3
[line]  ::  
-----------------------
[linenr]  ::  1
[line]  ::  local M = {}
-----------------------
[linenr]  ::  4
[line]  ::  M.setup = function(user_config)
-----------------------
[linenr]  ::  54
[line]  ::  function M.setup(opts)
-----------------------
[linenr]  ::  1
[line]  ::  > 
-----------------------
[linenr]  ::  3
[line]  ::  local default_config = {}
-----------------------
[linenr]  ::  4
[line]  ::  _VoxBackendConfig = _VoxBackendConfig or {}
-----------------------
[linenr]  ::  6
[line]  ::  M.setup = function(user_config)
-----------------------
[linenr]  ::  6
[line]  ::  function M.setup(opts)
-----------------------
[linenr]  ::  1
[line]  ::  local M = {}
-----------------------
[linenr]  ::  4
[line]  ::  _VoxBackendConfig = _VoxBackendConfig or {}
-----------------------
[linenr]  ::  3
[line]  ::  local default_config = {}
-----------------------
[linenr]  ::  3
[line]  ::  
-----------------------
[linenr]  ::  2
[line]  ::  
-----------------------
[linenr]  ::  4
[line]  ::  p
-----------------------
[linenr]  ::  5
[line]  ::  p
-----------------------
[linenr]  ::  4
[line]  ::  
-----------------------
[linenr]  ::  11
[line]  ::    state.opts = vim.tbl_deep_extend('force', defaults, opts or {})
-----------------------
[linenr]  ::  4
[line]  ::  };
-----------------------
[linenr]  ::  3
[line]  ::  local default = {
-----------------------
[linenr]  ::  15
[line]  ::  =
-----------------------
[linenr]  ::  13
[line]  ::  t
-----------------------
[linenr]  ::  6
[line]  ::  local state = {
-----------------------
[linenr]  ::  13
[line]  ::  	user_config = user_config or {}
-----------------------
[linenr]  ::  10
[line]  ::  function M.setup(opts)
-----------------------
[linenr]  ::  14
[line]  ::  	_VoxBackendConfig = vim.tbl_deep_extend("force", default_config, user_config)
-----------------------
[linenr]  ::  13
[line]  ::  	user_config = user_config or {}
-----------------------
[linenr]  ::  12
[line]  ::    return M
-----------------------
[linenr]  ::  13
[line]  ::  end
-----------------------
[linenr]  ::  11
[line]  ::  
-----------------------
[linenr]  ::  10
[line]  ::    state.opts = vim.tbl_deep_extend('force', defaults, opts or {})
-----------------------
[linenr]  ::  15
[line]  ::  function M:speak(utterances)
-----------------------
[linenr]  ::  16
[line]  ::    local routing = _VoxBackendConfig.routing or {}
-----------------------
[linenr]  ::  15
[line]  ::  function M:speak(utterances)
-----------------------
[linenr]  ::  16
[line]  ::    local routing = _VoxBackendConfig.routing or {}
-----------------------
[linenr]  ::  16
[line]  ::    local routing = _VoxBackendConfig.routing or {}
-----------------------
[linenr]  ::  1
[line]  ::  local M = {}
-----------------------
[linenr]  ::  3
[line]  ::  local defaults = {}
-----------------------
[linenr]  ::  19
[line]  ::  }
-----------------------
[linenr]  ::  2
[line]  ::  o
-----------------------
[linenr]  ::  5
[line]  ::  	},
-----------------------
[linenr]  ::  4
[line]  ::  	routing = {
-----------------------
[linenr]  ::  5
[line]  ::  }
-----------------------
[linenr]  ::  18
[line]  ::  function M:speak(utterances)
-----------------------
[linenr]  ::  19
[line]  ::    local routing = _VoxBackendConfig.routing or {}
-----------------------
[linenr]  ::  20
[line]  ::    local body = {}
-----------------------
[linenr]  ::  19
[line]  ::    local routing = _VoxBackendConfig.routing or {}
-----------------------
[linenr]  ::  7
[line]  ::  
-----------------------
[linenr]  ::  4
[line]  ::  	routing = {
-----------------------
[linenr]  ::  5
[line]  ::  	},
-----------------------
[linenr]  ::  4
[line]  ::  		
-----------------------
[linenr]  ::  20
[line]  ::  t
-----------------------
[linenr]  ::  7
[line]  ::    },
-----------------------
[linenr]  ::  18
[line]  ::  end
-----------------------
[linenr]  ::  14
[line]  ::  function M.setup(opts)
-----------------------
[linenr]  ::  20
[line]  ::  function M:speak(utterances)
-----------------------
[linenr]  ::  21
[line]  ::    local routing = _VoxBackendConfig.routing or {}
-----------------------
[linenr]  ::  17
[line]  ::  }
-----------------------
[linenr]  ::  21
[line]  ::    local body = {}
-----------------------
[linenr]  ::  23
[line]  ::    for _, u in ipairs(utterances) do
-----------------------
[linenr]  ::  24
[line]  ::      local voice = routing[u.source] or '__default'
-----------------------
[linenr]  ::  23
[line]  ::    for _, u in ipairs(utterances) do
-----------------------
[linenr]  ::  22
[line]  ::  
-----------------------
[linenr]  ::  17
[line]  ::  a
-----------------------
[linenr]  ::  2
[line]  ::  
-----------------------
[linenr]  ::  24
[line]  ::      local voice = routing[u.source] or '__default'
-----------------------
[linenr]  ::  23
[line]  ::  		
-----------------------
[linenr]  ::  46
[line]  ::  ]
-----------------------
[linenr]  ::  24
[line]  ::      local voice = state.opts.routing[u.source]
-----------------------
[linenr]  ::  25
[line]  ::      if u.special then
-----------------------
[linenr]  ::  26
[line]  ::        voice = _VoxBackendConfig.special_char_voice or voice
-----------------------
[linenr]  ::  26
[line]  ::        voice = _VoxBackendConfig.special_char_voice or voice
-----------------------
[linenr]  ::  25
[line]  ::      if u.special then
-----------------------
[linenr]  ::  27
[line]  ::      end
-----------------------
[linenr]  ::  25
[line]  ::  
-----------------------
[linenr]  ::  26
[line]  ::      table.insert(body, { text = u.text, voice = voice })
-----------------------
[linenr]  ::  25
[line]  ::  
-----------------------
[linenr]  ::  41
[line]  ::  v
-----------------------
[linenr]  ::  36
[line]  ::  e
-----------------------
[linenr]  ::  35
[line]  ::  t
-----------------------
[linenr]  ::  41
[line]  ::  t
-----------------------
[linenr]  ::  27
[line]  ::  
-----------------------
[linenr]  ::  28
[line]  ::    local json = vim.fn.json_encode(body)
-----------------------
[linenr]  ::  29
[line]  ::    local request = string.format(
-----------------------
[linenr]  ::  31
[line]  ::  POST /speak HTTP/1.1
-----------------------
[linenr]  ::  30
[line]  ::      [[
-----------------------
[linenr]  ::  31
[line]  ::  POST /speak HTTP/1.1
-----------------------
[linenr]  ::  32
[line]  ::  Host: 127.0.0.1:1729
-----------------------
[linenr]  ::  33
[line]  ::  User-Agent: curl/8.4.0
-----------------------
[linenr]  ::  30
[line]  ::      [[
-----------------------
[linenr]  ::  29
[line]  ::    local request = string.format(
-----------------------
[linenr]  ::  30
[line]  ::      [[
-----------------------
[linenr]  ::  33
[line]  ::  User-Agent: curl/8.4.0
-----------------------
[linenr]  ::  50
[line]  ::  
-----------------------
[linenr]  ::  47
[line]  ::      end
-----------------------
[linenr]  ::  1
[line]  ::  > 
-----------------------
[linenr]  ::  54
[line]  ::  function M.setup(opts)
-----------------------
[linenr]  ::  133
[line]  ::  return M
-----------------------
[linenr]  ::  132
[line]  ::  
-----------------------
[linenr]  ::  129
[line]  ::  log_backend.setup 'vox.log'
-----------------------
[linenr]  ::  128
[line]  ::  local log_backend = require 'log_backend'
-----------------------
[linenr]  ::  129
[line]  ::  log_backend.setup 'vox.log'
-----------------------
[linenr]  ::  128
[line]  ::  local log_backend = require 'log_backend'
-----------------------
[linenr]  ::  130
[line]  ::  
-----------------------
[linenr]  ::  131
[line]  ::  M.setup { backend = log_backend }
-----------------------
[linenr]  ::  129
[line]  ::  log_backend.setup 'vox.log'
-----------------------
[linenr]  ::  131
[line]  ::  M.setup { backend = log_backend }
-----------------------
[linenr]  ::  33
[line]  ::  }
-----------------------
[linenr]  ::  24
[line]  ::  _
-----------------------
[linenr]  ::  22
[line]  ::  o
-----------------------
[linenr]  ::  21
[line]  ::  l
-----------------------
[linenr]  ::  22
[line]  ::  o
-----------------------
[linenr]  ::  51
[line]  ::  )
-----------------------
[linenr]  ::  130
[line]  ::  
-----------------------
[linenr]  ::  131
[line]  ::  M.setup { backend = require('voxd_backend').setup() }
